Namespace(port='10001', script='fake1.script')
 * Serving Flask app "fake_node" (lazy loading)
 * Environment: production
   WARNING: Do not use the development server in a production environment.
   Use a production WSGI server instead.
 * Debug mode: on
Namespace(port='10002', script='fake2.script')
 * Serving Flask app "fake_node" (lazy loading)
 * Environment: production
   WARNING: Do not use the development server in a production environment.
   Use a production WSGI server instead.
 * Debug mode: on
Namespace(port='10003', script='fake3.script')
 * Serving Flask app "fake_node" (lazy loading)
 * Environment: production
   WARNING: Do not use the development server in a production environment.
   Use a production WSGI server instead.
 * Debug mode: on
 * Running on http://0.0.0.0:10001/ (Press CTRL+C to quit)
 * Restarting with stat
 * Running on http://0.0.0.0:10002/ (Press CTRL+C to quit)
 * Restarting with stat
 * Running on http://0.0.0.0:10003/ (Press CTRL+C to quit)
 * Restarting with stat
 * Debugger is active!
 * Debugger is active!
 * Debugger PIN: 298-432-301
 * Debugger PIN: 298-432-301
 * Debugger is active!
 * Debugger PIN: 298-432-301
127.0.0.1 - - [30/Apr/2019 21:06:27] "[37mGET /status HTTP/1.1[0m" 200 -
127.0.0.1 - - [30/Apr/2019 21:06:30] "[37mGET /status HTTP/1.1[0m" 200 -
127.0.0.1 - - [30/Apr/2019 21:06:34] "[37mGET /status HTTP/1.1[0m" 200 -
Namespace(port='10003', script='fake3.script')
Namespace(port='10003', script='fake3.script')
 * Serving Flask app "fake_node" (lazy loading)
 * Environment: production
   WARNING: Do not use the development server in a production environment.
   Use a production WSGI server instead.
 * Debug mode: on
Namespace(port='10002', script='fake2.script')
 * Serving Flask app "fake_node" (lazy loading)
 * Environment: production
   WARNING: Do not use the development server in a production environment.
   Use a production WSGI server instead.
 * Debug mode: on
 * Running on http://0.0.0.0:10003/ (Press CTRL+C to quit)
 * Restarting with stat
Namespace(port='10001', script='fake1.script')
 * Serving Flask app "fake_node" (lazy loading)
 * Environment: production
   WARNING: Do not use the development server in a production environment.
   Use a production WSGI server instead.
 * Debug mode: on
 * Running on http://0.0.0.0:10002/ (Press CTRL+C to quit)
 * Restarting with stat
 * Running on http://0.0.0.0:10001/ (Press CTRL+C to quit)
 * Restarting with stat
 * Debugger is active!
 * Debugger is active!
 * Debugger PIN: 298-432-301
 * Debugger PIN: 298-432-301
 * Debugger is active!
 * Debugger PIN: 298-432-301
127.0.0.1 - - [30/Apr/2019 21:11:23] "[37mGET /status HTTP/1.1[0m" 200 -
127.0.0.1 - - [30/Apr/2019 21:11:23] "[33mGET /favicon.ico HTTP/1.1[0m" 404 -
127.0.0.1 - - [30/Apr/2019 21:37:11] "[37mGET /clock/1 HTTP/1.1[0m" 200 -
127.0.0.1 - - [30/Apr/2019 21:37:11] "[37mGET /clock/1 HTTP/1.1[0m" 200 -
127.0.0.1 - - [30/Apr/2019 21:37:11] "[37mGET /clock/1 HTTP/1.1[0m" 200 -
 * Detected change in '/Users/sokoide/repo/blockchain-simulator/front/src/tests/fake/fake_node.py', reloading
 * Detected change in '/Users/sokoide/repo/blockchain-simulator/front/src/tests/fake/fake_node.py', reloading
 * Detected change in '/Users/sokoide/repo/blockchain-simulator/front/src/tests/fake/fake_node.py', reloading
Namespace(port='10001', script='fake1.script')
Namespace(port='10003', script='fake3.script')
Namespace(port='10002', script='fake2.script')
 * Restarting with stat
 * Restarting with stat
 * Restarting with stat
Traceback (most recent call last):
  File "/Users/sokoide/repo/blockchain-simulator/front/src/tests/fake/fake_node.py", line 3, in <module>
    from flask_cors import CORS
ModuleNotFoundError: No module named 'flask_cors'
Traceback (most recent call last):
  File "/Users/sokoide/repo/blockchain-simulator/front/src/tests/fake/fake_node.py", line 3, in <module>
    from flask_cors import CORS
ModuleNotFoundError: No module named 'flask_cors'
Traceback (most recent call last):
  File "/Users/sokoide/repo/blockchain-simulator/front/src/tests/fake/fake_node.py", line 3, in <module>
    from flask_cors import CORS
ModuleNotFoundError: No module named 'flask_cors'
Traceback (most recent call last):
  File "fake_node.py", line 3, in <module>
    from flask_cors import CORS
ModuleNotFoundError: No module named 'flask_cors'
Traceback (most recent call last):
  File "fake_node.py", line 3, in <module>
    from flask_cors import CORS
ModuleNotFoundError: No module named 'flask_cors'
Traceback (most recent call last):
  File "fake_node.py", line 3, in <module>
    from flask_cors import CORS
ModuleNotFoundError: No module named 'flask_cors'
Namespace(port='10003', script='fake3.script')
 * Serving Flask app "fake_node" (lazy loading)
 * Environment: production
   WARNING: Do not use the development server in a production environment.
   Use a production WSGI server instead.
 * Debug mode: on
Namespace(port='10001', script='fake1.script')
 * Serving Flask app "fake_node" (lazy loading)
 * Environment: production
   WARNING: Do not use the development server in a production environment.
   Use a production WSGI server instead.
 * Debug mode: on
Namespace(port='10002', script='fake2.script')
 * Serving Flask app "fake_node" (lazy loading)
 * Environment: production
   WARNING: Do not use the development server in a production environment.
   Use a production WSGI server instead.
 * Debug mode: on
 * Running on http://0.0.0.0:10003/ (Press CTRL+C to quit)
 * Restarting with stat
 * Running on http://0.0.0.0:10001/ (Press CTRL+C to quit)
 * Restarting with stat
 * Running on http://0.0.0.0:10002/ (Press CTRL+C to quit)
 * Restarting with stat
 * Debugger is active!
 * Debugger PIN: 298-432-301
 * Debugger is active!
 * Debugger is active!
 * Debugger PIN: 298-432-301
 * Debugger PIN: 298-432-301
127.0.0.1 - - [30/Apr/2019 21:40:35] "[37mGET /clock/1 HTTP/1.1[0m" 200 -
127.0.0.1 - - [30/Apr/2019 21:40:35] "[37mGET /clock/1 HTTP/1.1[0m" 200 -
127.0.0.1 - - [30/Apr/2019 21:40:35] "[37mGET /clock/1 HTTP/1.1[0m" 200 -
127.0.0.1 - - [30/Apr/2019 21:40:48] "[37mGET /clock/0 HTTP/1.1[0m" 200 -
127.0.0.1 - - [30/Apr/2019 21:42:19] "[37mGET /clock/0 HTTP/1.1[0m" 200 -
127.0.0.1 - - [30/Apr/2019 21:43:38] "[37mGET /clock/1 HTTP/1.1[0m" 200 -
127.0.0.1 - - [30/Apr/2019 21:43:38] "[37mGET /clock/1 HTTP/1.1[0m" 200 -
127.0.0.1 - - [30/Apr/2019 21:43:38] "[37mGET /clock/1 HTTP/1.1[0m" 200 -
127.0.0.1 - - [30/Apr/2019 21:43:42] "[37mGET /clock/2 HTTP/1.1[0m" 200 -
127.0.0.1 - - [30/Apr/2019 21:43:42] "[37mGET /clock/2 HTTP/1.1[0m" 200 -
127.0.0.1 - - [30/Apr/2019 21:43:42] "[37mGET /clock/2 HTTP/1.1[0m" 200 -
127.0.0.1 - - [30/Apr/2019 21:43:53] "[37mGET /clock/1 HTTP/1.1[0m" 200 -
127.0.0.1 - - [30/Apr/2019 21:43:53] "[37mGET /clock/1 HTTP/1.1[0m" 200 -
127.0.0.1 - - [30/Apr/2019 21:43:53] "[37mGET /clock/1 HTTP/1.1[0m" 200 -
127.0.0.1 - - [30/Apr/2019 21:44:00] "[37mGET /clock/1 HTTP/1.1[0m" 200 -
127.0.0.1 - - [30/Apr/2019 21:44:00] "[37mGET /clock/1 HTTP/1.1[0m" 200 -
127.0.0.1 - - [30/Apr/2019 21:44:00] "[37mGET /clock/1 HTTP/1.1[0m" 200 -
127.0.0.1 - - [30/Apr/2019 21:44:14] "[37mGET /clock/1 HTTP/1.1[0m" 200 -
127.0.0.1 - - [30/Apr/2019 21:44:14] "[37mGET /clock/1 HTTP/1.1[0m" 200 -
127.0.0.1 - - [30/Apr/2019 21:44:14] "[37mGET /clock/1 HTTP/1.1[0m" 200 -
127.0.0.1 - - [30/Apr/2019 21:44:35] "[37mGET /clock/2 HTTP/1.1[0m" 200 -
127.0.0.1 - - [30/Apr/2019 21:44:35] "[37mGET /clock/2 HTTP/1.1[0m" 200 -
127.0.0.1 - - [30/Apr/2019 21:44:35] "[37mGET /clock/2 HTTP/1.1[0m" 200 -
127.0.0.1 - - [30/Apr/2019 21:44:37] "[37mGET /clock/3 HTTP/1.1[0m" 200 -
127.0.0.1 - - [30/Apr/2019 21:44:37] "[37mGET /clock/3 HTTP/1.1[0m" 200 -
127.0.0.1 - - [30/Apr/2019 21:44:37] "[37mGET /clock/3 HTTP/1.1[0m" 200 -
127.0.0.1 - - [30/Apr/2019 21:45:29] "[37mGET /clock/1 HTTP/1.1[0m" 200 -
127.0.0.1 - - [30/Apr/2019 21:45:29] "[37mGET /clock/1 HTTP/1.1[0m" 200 -
127.0.0.1 - - [30/Apr/2019 21:45:29] "[37mGET /clock/1 HTTP/1.1[0m" 200 -
127.0.0.1 - - [30/Apr/2019 21:45:33] "[37mGET /clock/2 HTTP/1.1[0m" 200 -
127.0.0.1 - - [30/Apr/2019 21:45:33] "[37mGET /clock/2 HTTP/1.1[0m" 200 -
127.0.0.1 - - [30/Apr/2019 21:45:33] "[37mGET /clock/2 HTTP/1.1[0m" 200 -
127.0.0.1 - - [30/Apr/2019 21:45:34] "[37mGET /clock/3 HTTP/1.1[0m" 200 -
127.0.0.1 - - [30/Apr/2019 21:45:34] "[37mGET /clock/3 HTTP/1.1[0m" 200 -
127.0.0.1 - - [30/Apr/2019 21:45:34] "[37mGET /clock/3 HTTP/1.1[0m" 200 -
127.0.0.1 - - [30/Apr/2019 21:45:35] "[37mGET /clock/4 HTTP/1.1[0m" 200 -
127.0.0.1 - - [30/Apr/2019 21:45:35] "[37mGET /clock/4 HTTP/1.1[0m" 200 -
127.0.0.1 - - [30/Apr/2019 21:45:35] "[37mGET /clock/4 HTTP/1.1[0m" 200 -
127.0.0.1 - - [30/Apr/2019 21:45:35] "[37mGET /clock/5 HTTP/1.1[0m" 200 -
127.0.0.1 - - [30/Apr/2019 21:45:35] "[37mGET /clock/5 HTTP/1.1[0m" 200 -
127.0.0.1 - - [30/Apr/2019 21:45:35] "[37mGET /clock/5 HTTP/1.1[0m" 200 -
127.0.0.1 - - [30/Apr/2019 21:46:31] "[37mGET /clock/6 HTTP/1.1[0m" 200 -
127.0.0.1 - - [30/Apr/2019 21:46:31] "[37mGET /clock/6 HTTP/1.1[0m" 200 -
127.0.0.1 - - [30/Apr/2019 21:46:31] "[37mGET /clock/6 HTTP/1.1[0m" 200 -
127.0.0.1 - - [30/Apr/2019 21:46:32] "[37mGET /clock/7 HTTP/1.1[0m" 200 -
127.0.0.1 - - [30/Apr/2019 21:46:32] "[37mGET /clock/7 HTTP/1.1[0m" 200 -
127.0.0.1 - - [30/Apr/2019 21:46:32] "[37mGET /clock/7 HTTP/1.1[0m" 200 -
127.0.0.1 - - [30/Apr/2019 21:46:33] "[37mGET /clock/8 HTTP/1.1[0m" 200 -
127.0.0.1 - - [30/Apr/2019 21:46:33] "[37mGET /clock/8 HTTP/1.1[0m" 200 -
127.0.0.1 - - [30/Apr/2019 21:46:33] "[37mGET /clock/8 HTTP/1.1[0m" 200 -
127.0.0.1 - - [30/Apr/2019 21:48:11] "[37mGET /clock/1 HTTP/1.1[0m" 200 -
127.0.0.1 - - [30/Apr/2019 21:48:11] "[37mGET /clock/1 HTTP/1.1[0m" 200 -
127.0.0.1 - - [30/Apr/2019 21:48:11] "[37mGET /clock/1 HTTP/1.1[0m" 200 -
127.0.0.1 - - [30/Apr/2019 21:48:12] "[37mGET /clock/2 HTTP/1.1[0m" 200 -
127.0.0.1 - - [30/Apr/2019 21:48:12] "[37mGET /clock/2 HTTP/1.1[0m" 200 -
127.0.0.1 - - [30/Apr/2019 21:48:12] "[37mGET /clock/2 HTTP/1.1[0m" 200 -
127.0.0.1 - - [30/Apr/2019 21:48:12] "[37mGET /clock/3 HTTP/1.1[0m" 200 -
127.0.0.1 - - [30/Apr/2019 21:48:12] "[37mGET /clock/3 HTTP/1.1[0m" 200 -
127.0.0.1 - - [30/Apr/2019 21:48:12] "[37mGET /clock/3 HTTP/1.1[0m" 200 -
127.0.0.1 - - [30/Apr/2019 21:48:14] "[37mGET /clock/0 HTTP/1.1[0m" 200 -
127.0.0.1 - - [30/Apr/2019 21:48:14] "[37mGET /clock/0 HTTP/1.1[0m" 200 -
127.0.0.1 - - [30/Apr/2019 21:48:14] "[37mGET /clock/0 HTTP/1.1[0m" 200 -
127.0.0.1 - - [30/Apr/2019 21:48:15] "[37mGET /clock/1 HTTP/1.1[0m" 200 -
127.0.0.1 - - [30/Apr/2019 21:48:15] "[37mGET /clock/1 HTTP/1.1[0m" 200 -
127.0.0.1 - - [30/Apr/2019 21:48:15] "[37mGET /clock/1 HTTP/1.1[0m" 200 -
127.0.0.1 - - [30/Apr/2019 21:48:15] "[37mGET /clock/2 HTTP/1.1[0m" 200 -
127.0.0.1 - - [30/Apr/2019 21:48:15] "[37mGET /clock/2 HTTP/1.1[0m" 200 -
127.0.0.1 - - [30/Apr/2019 21:48:15] "[37mGET /clock/2 HTTP/1.1[0m" 200 -
127.0.0.1 - - [30/Apr/2019 21:48:16] "[37mGET /clock/3 HTTP/1.1[0m" 200 -
127.0.0.1 - - [30/Apr/2019 21:48:16] "[37mGET /clock/3 HTTP/1.1[0m" 200 -
127.0.0.1 - - [30/Apr/2019 21:48:16] "[37mGET /clock/3 HTTP/1.1[0m" 200 -
127.0.0.1 - - [30/Apr/2019 21:49:03] "[37mGET /clock/1 HTTP/1.1[0m" 200 -
127.0.0.1 - - [30/Apr/2019 21:49:03] "[37mGET /clock/1 HTTP/1.1[0m" 200 -
127.0.0.1 - - [30/Apr/2019 21:49:03] "[37mGET /clock/1 HTTP/1.1[0m" 200 -
127.0.0.1 - - [30/Apr/2019 21:49:05] "[37mGET /clock/2 HTTP/1.1[0m" 200 -
127.0.0.1 - - [30/Apr/2019 21:49:05] "[37mGET /clock/2 HTTP/1.1[0m" 200 -
127.0.0.1 - - [30/Apr/2019 21:49:05] "[37mGET /clock/2 HTTP/1.1[0m" 200 -
127.0.0.1 - - [30/Apr/2019 21:49:06] "[37mGET /clock/3 HTTP/1.1[0m" 200 -
127.0.0.1 - - [30/Apr/2019 21:49:06] "[37mGET /clock/3 HTTP/1.1[0m" 200 -
127.0.0.1 - - [30/Apr/2019 21:49:06] "[37mGET /clock/3 HTTP/1.1[0m" 200 -
127.0.0.1 - - [30/Apr/2019 21:49:06] "[37mGET /clock/4 HTTP/1.1[0m" 200 -
127.0.0.1 - - [30/Apr/2019 21:49:06] "[37mGET /clock/4 HTTP/1.1[0m" 200 -
127.0.0.1 - - [30/Apr/2019 21:49:06] "[37mGET /clock/4 HTTP/1.1[0m" 200 -
127.0.0.1 - - [30/Apr/2019 21:49:07] "[37mGET /clock/5 HTTP/1.1[0m" 200 -
127.0.0.1 - - [30/Apr/2019 21:49:07] "[37mGET /clock/5 HTTP/1.1[0m" 200 -
127.0.0.1 - - [30/Apr/2019 21:49:07] "[37mGET /clock/5 HTTP/1.1[0m" 200 -
127.0.0.1 - - [30/Apr/2019 21:49:17] "[37mGET /clock/6 HTTP/1.1[0m" 200 -
127.0.0.1 - - [30/Apr/2019 21:49:17] "[37mGET /clock/6 HTTP/1.1[0m" 200 -
127.0.0.1 - - [30/Apr/2019 21:49:17] "[37mGET /clock/6 HTTP/1.1[0m" 200 -
127.0.0.1 - - [30/Apr/2019 21:49:17] "[37mGET /clock/7 HTTP/1.1[0m" 200 -
127.0.0.1 - - [30/Apr/2019 21:49:17] "[37mGET /clock/7 HTTP/1.1[0m" 200 -
127.0.0.1 - - [30/Apr/2019 21:49:17] "[37mGET /clock/7 HTTP/1.1[0m" 200 -
127.0.0.1 - - [30/Apr/2019 21:49:17] "[37mGET /clock/8 HTTP/1.1[0m" 200 -
127.0.0.1 - - [30/Apr/2019 21:49:17] "[37mGET /clock/8 HTTP/1.1[0m" 200 -
127.0.0.1 - - [30/Apr/2019 21:49:17] "[37mGET /clock/8 HTTP/1.1[0m" 200 -
127.0.0.1 - - [30/Apr/2019 21:49:18] "[37mGET /clock/7 HTTP/1.1[0m" 200 -
127.0.0.1 - - [30/Apr/2019 21:49:18] "[37mGET /clock/7 HTTP/1.1[0m" 200 -
127.0.0.1 - - [30/Apr/2019 21:49:18] "[37mGET /clock/7 HTTP/1.1[0m" 200 -
127.0.0.1 - - [30/Apr/2019 21:49:18] "[37mGET /clock/6 HTTP/1.1[0m" 200 -
127.0.0.1 - - [30/Apr/2019 21:49:18] "[37mGET /clock/6 HTTP/1.1[0m" 200 -
127.0.0.1 - - [30/Apr/2019 21:49:18] "[37mGET /clock/6 HTTP/1.1[0m" 200 -
127.0.0.1 - - [30/Apr/2019 21:49:19] "[37mGET /clock/5 HTTP/1.1[0m" 200 -
127.0.0.1 - - [30/Apr/2019 21:49:19] "[37mGET /clock/5 HTTP/1.1[0m" 200 -
127.0.0.1 - - [30/Apr/2019 21:49:19] "[37mGET /clock/5 HTTP/1.1[0m" 200 -
127.0.0.1 - - [30/Apr/2019 21:49:19] "[37mGET /clock/4 HTTP/1.1[0m" 200 -
127.0.0.1 - - [30/Apr/2019 21:49:19] "[37mGET /clock/4 HTTP/1.1[0m" 200 -
127.0.0.1 - - [30/Apr/2019 21:49:19] "[37mGET /clock/4 HTTP/1.1[0m" 200 -
127.0.0.1 - - [30/Apr/2019 21:49:20] "[37mGET /clock/0 HTTP/1.1[0m" 200 -
127.0.0.1 - - [30/Apr/2019 21:49:20] "[37mGET /clock/0 HTTP/1.1[0m" 200 -
127.0.0.1 - - [30/Apr/2019 21:49:20] "[37mGET /clock/0 HTTP/1.1[0m" 200 -
127.0.0.1 - - [30/Apr/2019 21:49:20] "[37mGET /clock/1 HTTP/1.1[0m" 200 -
127.0.0.1 - - [30/Apr/2019 21:49:20] "[37mGET /clock/1 HTTP/1.1[0m" 200 -
127.0.0.1 - - [30/Apr/2019 21:49:20] "[37mGET /clock/1 HTTP/1.1[0m" 200 -
